00:00 +0: loading /Users/nethank/Desktop/gv-tv/test/widget_test.dart                                                                                                                                   00:01 +0: loading /Users/nethank/Desktop/gv-tv/test/widget_test.dart                                                                                                                                   00:01 +0: App starts with Splash Screen                                                                                                                                                                00:02 +0: App starts with Splash Screen                                                                                                                                                                00:02 +1: App starts with Splash Screen                                                                                                                                                                00:02 +1: All tests passed!                                                                                                                                                                            
